127.0.0.1 - - [09/Nov/2023:00:14:52 +0100] "GET / HTTP/1.1" 404 681
0:0:0:0:0:0:0:1 - - [09/Nov/2023:00:14:54 +0100] "GET /startingWay/StartingWayServlet HTTP/1.1" 200 445
0:0:0:0:0:0:0:1 - - [09/Nov/2023:00:14:56 +0100] "GET /startingWay/recherche_user.jsp HTTP/1.1" 404 688
0:0:0:0:0:0:0:1 - - [09/Nov/2023:00:15:03 +0100] "GET /startingWay/recherche_user.jsp HTTP/1.1" 404 688
127.0.0.1 - - [09/Nov/2023:00:17:51 +0100] "GET / HTTP/1.1" 404 681
0:0:0:0:0:0:0:1 - - [09/Nov/2023:00:17:52 +0100] "GET /startingWay/RechercheUserNameServlet HTTP/1.1" 200 383
0:0:0:0:0:0:0:1 - - [09/Nov/2023:00:18:00 +0100] "POST /startingWay/StartingWayServlet HTTP/1.1" 200 326
127.0.0.1 - - [09/Nov/2023:00:19:14 +0100] "GET / HTTP/1.1" 404 681
0:0:0:0:0:0:0:1 - - [09/Nov/2023:00:19:15 +0100] "GET /startingWay/StartingWayServlet HTTP/1.1" 200 445
0:0:0:0:0:0:0:1 - - [09/Nov/2023:00:19:19 +0100] "GET /startingWay/recherche_user.jsp HTTP/1.1" 404 688
127.0.0.1 - - [09/Nov/2023:00:24:26 +0100] "GET / HTTP/1.1" 404 681
0:0:0:0:0:0:0:1 - - [09/Nov/2023:00:24:56 +0100] "GET /startingWay/StartingWayServlet HTTP/1.1" 200 454
0:0:0:0:0:0:0:1 - - [09/Nov/2023:00:24:58 +0100] "GET /RechercheUserNameServlet HTTP/1.1" 404 705
127.0.0.1 - - [09/Nov/2023:00:25:34 +0100] "GET / HTTP/1.1" 404 681
0:0:0:0:0:0:0:1 - - [09/Nov/2023:00:25:35 +0100] "GET /startingWay/StartingWayServlet HTTP/1.1" 200 454
0:0:0:0:0:0:0:1 - - [09/Nov/2023:00:25:37 +0100] "GET /RechercheUserNameServlet HTTP/1.1" 404 705
0:0:0:0:0:0:0:1 - - [09/Nov/2023:00:27:42 +0100] "GET /startingWay/StartingWayServlet HTTP/1.1" 200 456
0:0:0:0:0:0:0:1 - - [09/Nov/2023:00:27:45 +0100] "GET /RechercheUserNameServlet HTTP/1.1" 404 705
0:0:0:0:0:0:0:1 - - [09/Nov/2023:00:30:17 +0100] "GET /votre_application/RechercheUserNameServlet HTTP/1.1" 404 727
0:0:0:0:0:0:0:1 - - [09/Nov/2023:00:30:44 +0100] "GET /startingWay/RechercheUserNameServlet HTTP/1.1" 200 383
127.0.0.1 - - [09/Nov/2023:00:33:08 +0100] "GET / HTTP/1.1" 404 681
0:0:0:0:0:0:0:1 - - [09/Nov/2023:00:33:10 +0100] "GET /startingWay/StartingWayServlet HTTP/1.1" 200 470
0:0:0:0:0:0:0:1 - - [09/Nov/2023:00:33:12 +0100] "GET /startingWay/RechercheUserNameServlet HTTP/1.1" 200 383
0:0:0:0:0:0:0:1 - - [09/Nov/2023:00:33:20 +0100] "POST /startingWay/StartingWayServlet HTTP/1.1" 200 -
127.0.0.1 - - [09/Nov/2023:00:33:59 +0100] "GET / HTTP/1.1" 404 681
0:0:0:0:0:0:0:1 - - [09/Nov/2023:00:34:00 +0100] "GET /startingWay/StartingWayServlet HTTP/1.1" 200 470
0:0:0:0:0:0:0:1 - - [09/Nov/2023:00:34:02 +0100] "GET /startingWay/RechercheUserNameServlet HTTP/1.1" 200 383
0:0:0:0:0:0:0:1 - - [09/Nov/2023:00:34:08 +0100] "POST /startingWay/StartingWayServlet HTTP/1.1" 200 -
0:0:0:0:0:0:0:1 - - [09/Nov/2023:00:34:19 +0100] "GET /startingWay/RechercheUserNameServlet HTTP/1.1" 200 383
0:0:0:0:0:0:0:1 - - [09/Nov/2023:00:34:26 +0100] "POST /startingWay/StartingWayServlet HTTP/1.1" 200 -
127.0.0.1 - - [09/Nov/2023:00:35:06 +0100] "GET / HTTP/1.1" 404 681
0:0:0:0:0:0:0:1 - - [09/Nov/2023:00:35:06 +0100] "GET /startingWay/RechercheUserNameServlet HTTP/1.1" 200 383
0:0:0:0:0:0:0:1 - - [09/Nov/2023:00:35:11 +0100] "POST /startingWay/StartingWayServlet HTTP/1.1" 200 -
127.0.0.1 - - [09/Nov/2023:00:35:37 +0100] "GET / HTTP/1.1" 404 681
0:0:0:0:0:0:0:1 - - [09/Nov/2023:00:35:38 +0100] "GET /startingWay/StartingWayServlet HTTP/1.1" 200 470
0:0:0:0:0:0:0:1 - - [09/Nov/2023:00:35:40 +0100] "GET /startingWay/RechercheUserNameServlet HTTP/1.1" 200 383
0:0:0:0:0:0:0:1 - - [09/Nov/2023:00:35:45 +0100] "POST /startingWay/StartingWayServlet HTTP/1.1" 200 -
127.0.0.1 - - [09/Nov/2023:00:41:24 +0100] "GET / HTTP/1.1" 404 681
0:0:0:0:0:0:0:1 - - [09/Nov/2023:00:41:25 +0100] "GET /startingWay/StartingWayServlet HTTP/1.1" 200 470
0:0:0:0:0:0:0:1 - - [09/Nov/2023:00:41:27 +0100] "GET /startingWay/RechercheUserNameServlet HTTP/1.1" 200 383
0:0:0:0:0:0:0:1 - - [09/Nov/2023:00:41:43 +0100] "POST /startingWay/StartingWayServlet HTTP/1.1" 200 -
127.0.0.1 - - [09/Nov/2023:00:42:28 +0100] "GET / HTTP/1.1" 404 681
0:0:0:0:0:0:0:1 - - [09/Nov/2023:00:42:30 +0100] "GET /startingWay/StartingWayServlet HTTP/1.1" 200 470
0:0:0:0:0:0:0:1 - - [09/Nov/2023:00:42:32 +0100] "GET /startingWay/RechercheUserNameServlet HTTP/1.1" 200 383
0:0:0:0:0:0:0:1 - - [09/Nov/2023:00:42:36 +0100] "POST /startingWay/StartingWayServlet HTTP/1.1" 200 -
127.0.0.1 - - [09/Nov/2023:00:44:21 +0100] "GET / HTTP/1.1" 404 681
0:0:0:0:0:0:0:1 - - [09/Nov/2023:00:44:23 +0100] "GET /startingWay/StartingWayServlet HTTP/1.1" 200 470
0:0:0:0:0:0:0:1 - - [09/Nov/2023:00:44:25 +0100] "GET /startingWay/RechercheUserNameServlet HTTP/1.1" 200 377
0:0:0:0:0:0:0:1 - - [09/Nov/2023:00:44:30 +0100] "POST /startingWay/StartingWayServlet HTTP/1.1" 200 -
127.0.0.1 - - [09/Nov/2023:00:45:21 +0100] "GET / HTTP/1.1" 404 681
0:0:0:0:0:0:0:1 - - [09/Nov/2023:00:45:21 +0100] "GET /startingWay/RechercheUserNameServlet HTTP/1.1" 200 377
0:0:0:0:0:0:0:1 - - [09/Nov/2023:00:45:26 +0100] "POST /startingWay/StartingWayServlet HTTP/1.1" 200 -
127.0.0.1 - - [09/Nov/2023:00:47:51 +0100] "GET / HTTP/1.1" 404 681
0:0:0:0:0:0:0:1 - - [09/Nov/2023:00:47:51 +0100] "GET /startingWay/RechercheUserNameServlet HTTP/1.1" 200 377
0:0:0:0:0:0:0:1 - - [09/Nov/2023:00:47:56 +0100] "POST /startingWay/StartingWayServlet HTTP/1.1" 200 -
127.0.0.1 - - [09/Nov/2023:00:52:17 +0100] "GET / HTTP/1.1" 404 681
0:0:0:0:0:0:0:1 - - [09/Nov/2023:00:52:18 +0100] "GET /startingWay/servlet/com.test.servlets.RechercheUserNameServlet HTTP/1.1" 404 751
127.0.0.1 - - [09/Nov/2023:00:53:45 +0100] "GET / HTTP/1.1" 404 681
127.0.0.1 - - [09/Nov/2023:00:54:10 +0100] "GET / HTTP/1.1" 404 681
127.0.0.1 - - [09/Nov/2023:00:57:45 +0100] "GET / HTTP/1.1" 404 681
127.0.0.1 - - [09/Nov/2023:00:58:32 +0100] "GET / HTTP/1.1" 404 681
0:0:0:0:0:0:0:1 - - [09/Nov/2023:00:58:34 +0100] "GET /startingWay/StartingWayServlet HTTP/1.1" 200 470
0:0:0:0:0:0:0:1 - - [09/Nov/2023:00:58:36 +0100] "GET /startingWay/RechercheUserNameServlet HTTP/1.1" 500 3552
127.0.0.1 - - [09/Nov/2023:01:00:32 +0100] "GET / HTTP/1.1" 404 681
0:0:0:0:0:0:0:1 - - [09/Nov/2023:01:00:33 +0100] "GET /startingWay/StartingWayServlet HTTP/1.1" 200 470
0:0:0:0:0:0:0:1 - - [09/Nov/2023:01:00:35 +0100] "GET /startingWay/RechercheUserNameServlet HTTP/1.1" 200 377
0:0:0:0:0:0:0:1 - - [09/Nov/2023:01:00:40 +0100] "POST /startingWay/StartingWayServlet HTTP/1.1" 200 -
127.0.0.1 - - [09/Nov/2023:01:02:07 +0100] "GET / HTTP/1.1" 404 681
0:0:0:0:0:0:0:1 - - [09/Nov/2023:01:02:08 +0100] "GET /startingWay/RechercheUserNameServlet HTTP/1.1" 200 377
0:0:0:0:0:0:0:1 - - [09/Nov/2023:01:02:13 +0100] "POST /startingWay/StartingWayServlet HTTP/1.1" 200 -
127.0.0.1 - - [09/Nov/2023:01:19:42 +0100] "GET / HTTP/1.1" 404 681
0:0:0:0:0:0:0:1 - - [09/Nov/2023:01:19:44 +0100] "GET /startingWay/ListerProductsServlet HTTP/1.1" 200 484
127.0.0.1 - - [09/Nov/2023:01:39:33 +0100] "GET / HTTP/1.1" 404 681
0:0:0:0:0:0:0:1 - - [09/Nov/2023:01:39:34 +0100] "GET /startingWay/ListerProductsServlet HTTP/1.1" 200 484
0:0:0:0:0:0:0:1 - - [09/Nov/2023:01:39:38 +0100] "GET /startingWay/RechercheUserNameServlet HTTP/1.1" 200 377
0:0:0:0:0:0:0:1 - - [09/Nov/2023:01:39:42 +0100] "POST /startingWay/StartingWayServlet HTTP/1.1" 200 -
127.0.0.1 - - [09/Nov/2023:01:40:14 +0100] "GET / HTTP/1.1" 404 681
0:0:0:0:0:0:0:1 - - [09/Nov/2023:01:40:15 +0100] "GET /startingWay/SearchProductServlet HTTP/1.1" 200 329
0:0:0:0:0:0:0:1 - - [09/Nov/2023:01:40:22 +0100] "POST /startingWay/SearchProductServlet HTTP/1.1" 200 329
127.0.0.1 - - [09/Nov/2023:01:42:17 +0100] "GET / HTTP/1.1" 404 681
0:0:0:0:0:0:0:1 - - [09/Nov/2023:01:42:18 +0100] "GET /startingWay/SearchProductServlet HTTP/1.1" 200 329
0:0:0:0:0:0:0:1 - - [09/Nov/2023:01:42:23 +0100] "POST /startingWay/SearchProductServlet HTTP/1.1" 200 269
0:0:0:0:0:0:0:1 - - [09/Nov/2023:01:42:54 +0100] "GET /startingWay/SearchProductServlet HTTP/1.1" 200 329
0:0:0:0:0:0:0:1 - - [09/Nov/2023:01:42:59 +0100] "POST /startingWay/SearchProductServlet HTTP/1.1" 200 269
0:0:0:0:0:0:0:1 - - [09/Nov/2023:01:43:14 +0100] "GET /startingWay/SearchProductServlet HTTP/1.1" 200 329
0:0:0:0:0:0:0:1 - - [09/Nov/2023:01:43:19 +0100] "POST /startingWay/SearchProductServlet HTTP/1.1" 200 269
127.0.0.1 - - [09/Nov/2023:01:48:07 +0100] "GET / HTTP/1.1" 404 681
0:0:0:0:0:0:0:1 - - [09/Nov/2023:01:48:08 +0100] "GET /startingWay/SearchProductServlet HTTP/1.1" 200 329
0:0:0:0:0:0:0:1 - - [09/Nov/2023:01:48:13 +0100] "POST /startingWay/SearchProductServlet HTTP/1.1" 200 269
127.0.0.1 - - [09/Nov/2023:01:56:14 +0100] "GET / HTTP/1.1" 404 681
0:0:0:0:0:0:0:1 - - [09/Nov/2023:01:56:15 +0100] "GET /startingWay/SearchProductServlet HTTP/1.1" 200 329
0:0:0:0:0:0:0:1 - - [09/Nov/2023:01:56:20 +0100] "POST /startingWay/SearchProductServlet HTTP/1.1" 200 269
127.0.0.1 - - [09/Nov/2023:01:58:20 +0100] "GET / HTTP/1.1" 404 681
0:0:0:0:0:0:0:1 - - [09/Nov/2023:01:58:21 +0100] "GET /startingWay/SearchProductServlet HTTP/1.1" 200 329
0:0:0:0:0:0:0:1 - - [09/Nov/2023:01:58:25 +0100] "POST /startingWay/SearchProductServlet HTTP/1.1" 200 269
127.0.0.1 - - [09/Nov/2023:01:59:59 +0100] "GET / HTTP/1.1" 404 681
0:0:0:0:0:0:0:1 - - [09/Nov/2023:02:00:00 +0100] "GET /startingWay/SearchProductServlet HTTP/1.1" 200 329
0:0:0:0:0:0:0:1 - - [09/Nov/2023:02:00:06 +0100] "POST /startingWay/SearchProductServlet HTTP/1.1" 200 269
127.0.0.1 - - [09/Nov/2023:02:00:40 +0100] "GET / HTTP/1.1" 404 681
0:0:0:0:0:0:0:1 - - [09/Nov/2023:02:00:40 +0100] "GET /startingWay/SearchProductServlet HTTP/1.1" 200 329
0:0:0:0:0:0:0:1 - - [09/Nov/2023:02:00:45 +0100] "POST /startingWay/SearchProductServlet HTTP/1.1" 200 269
0:0:0:0:0:0:0:1 - - [09/Nov/2023:02:00:47 +0100] "GET /startingWay/SearchProductServlet HTTP/1.1" 200 329
0:0:0:0:0:0:0:1 - - [09/Nov/2023:02:00:51 +0100] "POST /startingWay/SearchProductServlet HTTP/1.1" 200 269
127.0.0.1 - - [09/Nov/2023:02:01:29 +0100] "GET / HTTP/1.1" 404 681
0:0:0:0:0:0:0:1 - - [09/Nov/2023:02:01:30 +0100] "GET /startingWay/ListerProductsServlet HTTP/1.1" 200 484
127.0.0.1 - - [09/Nov/2023:02:36:08 +0100] "GET / HTTP/1.1" 404 681
0:0:0:0:0:0:0:1 - - [09/Nov/2023:02:36:11 +0100] "GET /startingWay/ListerProductsServlet HTTP/1.1" 200 628
0:0:0:0:0:0:0:1 - - [09/Nov/2023:02:36:15 +0100] "GET /DeleteProductServlet?id=1 HTTP/1.1" 404 701
0:0:0:0:0:0:0:1 - - [09/Nov/2023:02:36:19 +0100] "GET /DeleteProductServlet?id=2 HTTP/1.1" 404 701
127.0.0.1 - - [09/Nov/2023:03:12:55 +0100] "GET / HTTP/1.1" 404 681
0:0:0:0:0:0:0:1 - - [09/Nov/2023:03:12:56 +0100] "GET /startingWay/ListerProductsServlet HTTP/1.1" 200 628
0:0:0:0:0:0:0:1 - - [09/Nov/2023:03:12:58 +0100] "GET /DeleteProductServlet?id=1 HTTP/1.1" 404 701
127.0.0.1 - - [09/Nov/2023:03:17:57 +0100] "GET / HTTP/1.1" 404 681
0:0:0:0:0:0:0:1 - - [09/Nov/2023:03:17:58 +0100] "GET /startingWay/ListerProductsServlet HTTP/1.1" 200 654
0:0:0:0:0:0:0:1 - - [09/Nov/2023:03:18:01 +0100] "GET /startingWay/DeleteProductServlet?id= HTTP/1.1" 500 1450
0:0:0:0:0:0:0:1 - - [09/Nov/2023:03:24:56 +0100] "GET /startingWay/ListerProductsServlet HTTP/1.1" 200 656
0:0:0:0:0:0:0:1 - - [09/Nov/2023:03:24:58 +0100] "GET /startingWay/DeleteProductServlet?id= HTTP/1.1" 500 3759
127.0.0.1 - - [09/Nov/2023:03:25:57 +0100] "GET / HTTP/1.1" 404 681
0:0:0:0:0:0:0:1 - - [09/Nov/2023:03:25:58 +0100] "GET /startingWay/ListerProductsServlet HTTP/1.1" 200 656
0:0:0:0:0:0:0:1 - - [09/Nov/2023:03:26:00 +0100] "GET /startingWay/DeleteProductServlet?id= HTTP/1.1" 200 22
127.0.0.1 - - [09/Nov/2023:03:29:21 +0100] "GET / HTTP/1.1" 404 681
0:0:0:0:0:0:0:1 - - [09/Nov/2023:03:29:22 +0100] "GET /startingWay/DeleteProductServlet HTTP/1.1" 200 22
127.0.0.1 - - [09/Nov/2023:03:29:51 +0100] "GET / HTTP/1.1" 404 681
0:0:0:0:0:0:0:1 - - [09/Nov/2023:03:29:53 +0100] "GET /startingWay/ListerProductsServlet HTTP/1.1" 200 656
0:0:0:0:0:0:0:1 - - [09/Nov/2023:03:29:55 +0100] "GET /startingWay/DeleteProductServlet?id= HTTP/1.1" 200 22
0:0:0:0:0:0:0:1 - - [09/Nov/2023:03:30:09 +0100] "GET /startingWay/DeleteProductServlet?id=1 HTTP/1.1" 200 22
0:0:0:0:0:0:0:1 - - [09/Nov/2023:03:30:14 +0100] "GET /startingWay/DeleteProductServlet?id=1 HTTP/1.1" 200 22
127.0.0.1 - - [09/Nov/2023:03:37:56 +0100] "GET / HTTP/1.1" 404 681
0:0:0:0:0:0:0:1 - - [09/Nov/2023:03:37:56 +0100] "GET /startingWay/WEB-INF/liste_products.jsp HTTP/1.1" 404 604
127.0.0.1 - - [09/Nov/2023:03:38:43 +0100] "GET / HTTP/1.1" 404 681
0:0:0:0:0:0:0:1 - - [09/Nov/2023:03:38:45 +0100] "GET /startingWay/ListerProductsServlet HTTP/1.1" 200 656
0:0:0:0:0:0:0:1 - - [09/Nov/2023:03:38:47 +0100] "GET /startingWay/DeleteProductServlet?id= HTTP/1.1" 200 22
127.0.0.1 - - [09/Nov/2023:03:39:49 +0100] "GET / HTTP/1.1" 404 681
0:0:0:0:0:0:0:1 - - [09/Nov/2023:03:39:51 +0100] "GET /startingWay/ListerProductsServlet HTTP/1.1" 200 656
0:0:0:0:0:0:0:1 - - [09/Nov/2023:03:39:53 +0100] "GET /startingWay/DeleteProductServlet?id= HTTP/1.1" 200 22
0:0:0:0:0:0:0:1 - - [09/Nov/2023:03:40:27 +0100] "GET /startingWay/RechercheUserNameServlet HTTP/1.1" 200 377
0:0:0:0:0:0:0:1 - - [09/Nov/2023:03:40:32 +0100] "POST /startingWay/StartingWayServlet HTTP/1.1" 200 -
127.0.0.1 - - [09/Nov/2023:03:48:14 +0100] "GET / HTTP/1.1" 404 681
0:0:0:0:0:0:0:1 - - [09/Nov/2023:03:48:16 +0100] "GET /startingWay/ListerProductsServlet HTTP/1.1" 200 836
0:0:0:0:0:0:0:1 - - [09/Nov/2023:03:48:18 +0100] "GET /startingWay/DeleteProductServlet?id=?id=1 HTTP/1.1" 500 1628
0:0:0:0:0:0:0:1 - - [09/Nov/2023:03:48:22 +0100] "GET /startingWay/DeleteProductServlet?id= HTTP/1.1" 500 1628
127.0.0.1 - - [09/Nov/2023:03:50:38 +0100] "GET / HTTP/1.1" 404 681
0:0:0:0:0:0:0:1 - - [09/Nov/2023:03:50:40 +0100] "GET /startingWay/ListerProductsServlet HTTP/1.1" 200 836
0:0:0:0:0:0:0:1 - - [09/Nov/2023:03:50:42 +0100] "GET /startingWay/DeleteProductServlet?id=?id=1 HTTP/1.1" 200 22
0:0:0:0:0:0:0:1 - - [09/Nov/2023:03:50:47 +0100] "GET /startingWay/DeleteProductServlet?id= HTTP/1.1" 200 22
0:0:0:0:0:0:0:1 - - [09/Nov/2023:03:51:17 +0100] "GET /startingWay/DeleteProductServlet?id= HTTP/1.1" 200 22
0:0:0:0:0:0:0:1 - - [09/Nov/2023:03:51:20 +0100] "GET /startingWay/DeleteProductServlet?id=?id=1 HTTP/1.1" 200 22
127.0.0.1 - - [09/Nov/2023:03:51:55 +0100] "GET / HTTP/1.1" 404 681
0:0:0:0:0:0:0:1 - - [09/Nov/2023:03:51:57 +0100] "GET /startingWay/ListerProductsServlet HTTP/1.1" 200 834
0:0:0:0:0:0:0:1 - - [09/Nov/2023:03:52:00 +0100] "GET /startingWay/DeleteProductServlet?id=?id= HTTP/1.1" 200 22
0:0:0:0:0:0:0:1 - - [09/Nov/2023:03:52:03 +0100] "GET /startingWay/DeleteProductServlet?id= HTTP/1.1" 200 22
127.0.0.1 - - [09/Nov/2023:03:53:54 +0100] "GET / HTTP/1.1" 404 681
0:0:0:0:0:0:0:1 - - [09/Nov/2023:03:53:55 +0100] "GET /startingWay/ListerProductsServlet HTTP/1.1" 200 680
127.0.0.1 - - [09/Nov/2023:03:54:48 +0100] "GET / HTTP/1.1" 404 681
0:0:0:0:0:0:0:1 - - [09/Nov/2023:03:54:50 +0100] "GET /startingWay/ListerProductsServlet HTTP/1.1" 200 686
0:0:0:0:0:0:0:1 - - [09/Nov/2023:03:55:20 +0100] "GET /startingWay/DeleteProductServlet?id= HTTP/1.1" 200 22
0:0:0:0:0:0:0:1 - - [09/Nov/2023:03:55:24 +0100] "GET /startingWay/DeleteProductServlet?id= HTTP/1.1" 200 22
127.0.0.1 - - [09/Nov/2023:03:58:29 +0100] "GET / HTTP/1.1" 404 681
0:0:0:0:0:0:0:1 - - [09/Nov/2023:03:58:31 +0100] "GET /startingWay/ListerProductsServlet HTTP/1.1" 200 730
127.0.0.1 - - [09/Nov/2023:04:01:09 +0100] "GET / HTTP/1.1" 404 681
0:0:0:0:0:0:0:1 - - [09/Nov/2023:04:01:11 +0100] "GET /startingWay/ListerProductsServlet HTTP/1.1" 200 666
0:0:0:0:0:0:0:1 - - [09/Nov/2023:04:01:12 +0100] "GET /startingWay/DeleteProductServlet?id=?id=1 HTTP/1.1" 200 22
0:0:0:0:0:0:0:1 - - [09/Nov/2023:04:01:16 +0100] "GET /startingWay/DeleteProductServlet?id=?id=2 HTTP/1.1" 200 22
127.0.0.1 - - [09/Nov/2023:04:05:58 +0100] "GET / HTTP/1.1" 404 681
0:0:0:0:0:0:0:1 - - [09/Nov/2023:04:06:00 +0100] "GET /startingWay/ListerProductsServlet HTTP/1.1" 200 862
0:0:0:0:0:0:0:1 - - [09/Nov/2023:04:06:03 +0100] "GET /startingWay/DeleteProductServlet?id=?id=1 HTTP/1.1" 200 22
0:0:0:0:0:0:0:1 - - [09/Nov/2023:04:06:06 +0100] "GET /startingWay/DeleteProductServlet?id=1 HTTP/1.1" 200 22
127.0.0.1 - - [09/Nov/2023:04:07:08 +0100] "GET / HTTP/1.1" 404 681
0:0:0:0:0:0:0:1 - - [09/Nov/2023:04:07:10 +0100] "GET /startingWay/ListerProductsServlet HTTP/1.1" 200 668
0:0:0:0:0:0:0:1 - - [09/Nov/2023:04:07:12 +0100] "GET /startingWay/DeleteProductServlet?id=?id=1 HTTP/1.1" 200 22
127.0.0.1 - - [09/Nov/2023:04:08:57 +0100] "GET / HTTP/1.1" 404 681
0:0:0:0:0:0:0:1 - - [09/Nov/2023:04:08:58 +0100] "GET /startingWay/DeleteProductServlet HTTP/1.1" 500 9
127.0.0.1 - - [09/Nov/2023:04:16:53 +0100] "GET / HTTP/1.1" 404 681
0:0:0:0:0:0:0:1 - - [09/Nov/2023:04:16:54 +0100] "GET /startingWay/ListerProductsServlet HTTP/1.1" 200 852
0:0:0:0:0:0:0:1 - - [09/Nov/2023:04:16:57 +0100] "POST /DeleteProductServlet HTTP/1.1" 404 701
127.0.0.1 - - [09/Nov/2023:04:18:21 +0100] "GET / HTTP/1.1" 404 681
0:0:0:0:0:0:0:1 - - [09/Nov/2023:04:18:23 +0100] "GET /startingWay/ListerProductsServlet HTTP/1.1" 200 850
0:0:0:0:0:0:0:1 - - [09/Nov/2023:04:18:25 +0100] "POST /startingWay/DeleteProductServlet HTTP/1.1" 200 -
127.0.0.1 - - [09/Nov/2023:04:18:55 +0100] "GET / HTTP/1.1" 404 681
0:0:0:0:0:0:0:1 - - [09/Nov/2023:04:18:56 +0100] "GET /startingWay/ListerProductsServlet HTTP/1.1" 200 616
127.0.0.1 - - [09/Nov/2023:04:44:16 +0100] "GET / HTTP/1.1" 404 681
0:0:0:0:0:0:0:1 - - [09/Nov/2023:04:44:18 +0100] "GET /startingWay/ListerProductsServlet HTTP/1.1" 200 800
0:0:0:0:0:0:0:1 - - [09/Nov/2023:04:44:20 +0100] "POST /startingWay/UpdateProductServlet HTTP/1.1" 500 1422
127.0.0.1 - - [09/Nov/2023:04:49:35 +0100] "GET / HTTP/1.1" 404 681
0:0:0:0:0:0:0:1 - - [09/Nov/2023:04:49:36 +0100] "GET /startingWay/UpdateProductServlet HTTP/1.1" 500 1492
127.0.0.1 - - [09/Nov/2023:04:50:05 +0100] "GET / HTTP/1.1" 404 681
0:0:0:0:0:0:0:1 - - [09/Nov/2023:04:50:06 +0100] "GET /startingWay/UpdateProductServlet HTTP/1.1" 500 1492
127.0.0.1 - - [09/Nov/2023:04:54:58 +0100] "GET / HTTP/1.1" 404 681
0:0:0:0:0:0:0:1 - - [09/Nov/2023:04:54:58 +0100] "GET /startingWay/UpdateProductServlet HTTP/1.1" 200 25
127.0.0.1 - - [09/Nov/2023:05:03:08 +0100] "GET / HTTP/1.1" 404 681
0:0:0:0:0:0:0:1 - - [09/Nov/2023:05:03:09 +0100] "GET /startingWay/UpdateProductServlet HTTP/1.1" 200 420
0:0:0:0:0:0:0:1 - - [09/Nov/2023:05:03:29 +0100] "POST /startingWay/UpdateProductServlet HTTP/1.1" 200 182
0:0:0:0:0:0:0:1 - - [09/Nov/2023:05:03:29 +0100] "POST /startingWay/UpdateProductServlet HTTP/1.1" 200 182
127.0.0.1 - - [09/Nov/2023:05:05:22 +0100] "GET / HTTP/1.1" 404 681
0:0:0:0:0:0:0:1 - - [09/Nov/2023:05:05:24 +0100] "GET /startingWay/ListerProductsServlet HTTP/1.1" 200 618
127.0.0.1 - - [09/Nov/2023:05:09:03 +0100] "GET / HTTP/1.1" 404 681
0:0:0:0:0:0:0:1 - - [09/Nov/2023:05:09:04 +0100] "GET /startingWay/UpdateProductServlet HTTP/1.1" 200 548
0:0:0:0:0:0:0:1 - - [09/Nov/2023:05:09:12 +0100] "POST /startingWay/UpdateProductServlet HTTP/1.1" 200 182
127.0.0.1 - - [09/Nov/2023:05:09:59 +0100] "GET / HTTP/1.1" 404 681
0:0:0:0:0:0:0:1 - - [09/Nov/2023:05:09:59 +0100] "GET /startingWay/UpdateProductServlet HTTP/1.1" 200 548
0:0:0:0:0:0:0:1 - - [09/Nov/2023:05:10:07 +0100] "POST /startingWay/UpdateProductServlet HTTP/1.1" 200 25
127.0.0.1 - - [09/Nov/2023:05:12:31 +0100] "GET / HTTP/1.1" 404 681
0:0:0:0:0:0:0:1 - - [09/Nov/2023:05:12:32 +0100] "GET /startingWay/UpdateProductServlet HTTP/1.1" 200 548
0:0:0:0:0:0:0:1 - - [09/Nov/2023:05:12:39 +0100] "POST /startingWay/UpdateProductServlet HTTP/1.1" 200 25
127.0.0.1 - - [09/Nov/2023:05:13:24 +0100] "GET / HTTP/1.1" 404 681
0:0:0:0:0:0:0:1 - - [09/Nov/2023:05:13:25 +0100] "GET /startingWay/UpdateProductServlet HTTP/1.1" 200 548
0:0:0:0:0:0:0:1 - - [09/Nov/2023:05:13:32 +0100] "POST /startingWay/UpdateProductServlet HTTP/1.1" 500 1451
127.0.0.1 - - [09/Nov/2023:05:14:58 +0100] "GET / HTTP/1.1" 404 681
0:0:0:0:0:0:0:1 - - [09/Nov/2023:05:14:59 +0100] "GET /startingWay/UpdateProductServlet HTTP/1.1" 200 548
0:0:0:0:0:0:0:1 - - [09/Nov/2023:05:15:08 +0100] "POST /startingWay/UpdateProductServlet HTTP/1.1" 500 1451
127.0.0.1 - - [09/Nov/2023:05:15:49 +0100] "GET / HTTP/1.1" 404 681
0:0:0:0:0:0:0:1 - - [09/Nov/2023:05:15:50 +0100] "GET /startingWay/RechercheUserNameServlet HTTP/1.1" 200 377
0:0:0:0:0:0:0:1 - - [09/Nov/2023:05:15:54 +0100] "POST /startingWay/StartingWayServlet HTTP/1.1" 200 -
127.0.0.1 - - [09/Nov/2023:05:16:33 +0100] "GET / HTTP/1.1" 404 681
0:0:0:0:0:0:0:1 - - [09/Nov/2023:05:16:34 +0100] "GET /startingWay/ListerProductsServlet HTTP/1.1" 200 618
127.0.0.1 - - [09/Nov/2023:05:18:56 +0100] "GET / HTTP/1.1" 404 681
127.0.0.1 - - [09/Nov/2023:05:19:19 +0100] "GET / HTTP/1.1" 404 681
127.0.0.1 - - [09/Nov/2023:05:19:47 +0100] "GET / HTTP/1.1" 404 681
127.0.0.1 - - [09/Nov/2023:05:20:25 +0100] "GET / HTTP/1.1" 404 681
0:0:0:0:0:0:0:1 - - [09/Nov/2023:05:20:26 +0100] "GET /startingWay/ListerProductsServlet HTTP/1.1" 200 618
127.0.0.1 - - [09/Nov/2023:05:21:29 +0100] "GET / HTTP/1.1" 404 681
0:0:0:0:0:0:0:1 - - [09/Nov/2023:05:21:30 +0100] "GET /startingWay/UpdateProductServlet HTTP/1.1" 200 548
0:0:0:0:0:0:0:1 - - [09/Nov/2023:05:21:40 +0100] "POST /startingWay/UpdateProductServlet HTTP/1.1" 500 1451
127.0.0.1 - - [09/Nov/2023:05:24:30 +0100] "GET / HTTP/1.1" 404 681
0:0:0:0:0:0:0:1 - - [09/Nov/2023:05:24:30 +0100] "GET /startingWay/UpdateProductServlet HTTP/1.1" 200 548
0:0:0:0:0:0:0:1 - - [09/Nov/2023:05:24:37 +0100] "POST /startingWay/UpdateProductServlet HTTP/1.1" 200 25
0:0:0:0:0:0:0:1 - - [09/Nov/2023:05:24:40 +0100] "GET /startingWay/UpdateProductServlet HTTP/1.1" 200 548
127.0.0.1 - - [09/Nov/2023:13:52:00 +0100] "GET / HTTP/1.1" 404 681
0:0:0:0:0:0:0:1 - - [09/Nov/2023:13:52:41 +0100] "GET /favicon.ico HTTP/1.1" 404 692
127.0.0.1 - - [09/Nov/2023:13:53:39 +0100] "GET / HTTP/1.1" 404 681
0:0:0:0:0:0:0:1 - - [09/Nov/2023:13:53:40 +0100] "GET /startingWay/ListerProductsServlet HTTP/1.1" 200 618
0:0:0:0:0:0:0:1 - - [09/Nov/2023:13:53:44 +0100] "GET /startingWay/RechercheUserNameServlet HTTP/1.1" 200 377
0:0:0:0:0:0:0:1 - - [09/Nov/2023:13:53:50 +0100] "POST /startingWay/StartingWayServlet HTTP/1.1" 200 -
0:0:0:0:0:0:0:1 - - [09/Nov/2023:13:54:53 +0100] "POST /startingWay/StartingWayServlet HTTP/1.1" 200 -
127.0.0.1 - - [09/Nov/2023:14:53:47 +0100] "GET / HTTP/1.1" 404 681
0:0:0:0:0:0:0:1 - - [09/Nov/2023:14:53:50 +0100] "GET /startingWay/CreateAccountUserServlet HTTP/1.1" 200 622
0:0:0:0:0:0:0:1 - - [09/Nov/2023:14:54:45 +0100] "POST /startingWay/CreateAccountUserServlet HTTP/1.1" 500 3777
127.0.0.1 - - [09/Nov/2023:15:17:12 +0100] "GET / HTTP/1.1" 404 681
0:0:0:0:0:0:0:1 - - [09/Nov/2023:15:17:13 +0100] "GET /startingWay/CreateAccountUserServlet HTTP/1.1" 200 622
0:0:0:0:0:0:0:1 - - [09/Nov/2023:15:17:43 +0100] "POST /startingWay/CreateAccountUserServlet HTTP/1.1" 200 292
127.0.0.1 - - [09/Nov/2023:15:25:10 +0100] "GET / HTTP/1.1" 404 681
0:0:0:0:0:0:0:1 - - [09/Nov/2023:15:25:12 +0100] "GET /startingWay/StartingWayServlet HTTP/1.1" 200 379
0:0:0:0:0:0:0:1 - - [09/Nov/2023:15:25:19 +0100] "GET /startingWay/RechercheUserNameServlet HTTP/1.1" 200 377
0:0:0:0:0:0:0:1 - - [09/Nov/2023:15:25:24 +0100] "POST /startingWay/StartingWayServlet HTTP/1.1" 200 -
127.0.0.1 - - [09/Nov/2023:15:27:59 +0100] "GET / HTTP/1.1" 404 681
0:0:0:0:0:0:0:1 - - [09/Nov/2023:15:28:00 +0100] "GET /startingWay/StartingWayServlet HTTP/1.1" 200 570
0:0:0:0:0:0:0:1 - - [09/Nov/2023:15:28:07 +0100] "GET /startingWay/RechercheUserNameServlet HTTP/1.1" 200 377
0:0:0:0:0:0:0:1 - - [09/Nov/2023:15:28:11 +0100] "POST /startingWay/StartingWayServlet HTTP/1.1" 200 -
127.0.0.1 - - [09/Nov/2023:15:29:11 +0100] "GET / HTTP/1.1" 404 681
0:0:0:0:0:0:0:1 - - [09/Nov/2023:15:29:12 +0100] "GET /startingWay/StartingWayServlet HTTP/1.1" 200 570
0:0:0:0:0:0:0:1 - - [09/Nov/2023:15:29:15 +0100] "GET /startingWay/RechercheUserNameServlet HTTP/1.1" 200 377
0:0:0:0:0:0:0:1 - - [09/Nov/2023:15:29:21 +0100] "POST /startingWay/StartingWayServlet HTTP/1.1" 200 377
127.0.0.1 - - [09/Nov/2023:15:31:01 +0100] "GET / HTTP/1.1" 404 681
0:0:0:0:0:0:0:1 - - [09/Nov/2023:15:31:02 +0100] "GET /startingWay/RechercheUserNameServlet HTTP/1.1" 200 383
0:0:0:0:0:0:0:1 - - [09/Nov/2023:15:31:07 +0100] "POST /startingWay/RechercheUserNameServlet HTTP/1.1" 200 326
0:0:0:0:0:0:0:1 - - [09/Nov/2023:15:31:19 +0100] "GET /startingWay/RechercheUserNameServlet HTTP/1.1" 200 383
0:0:0:0:0:0:0:1 - - [09/Nov/2023:15:31:26 +0100] "POST /startingWay/RechercheUserNameServlet HTTP/1.1" 200 266
0:0:0:0:0:0:0:1 - - [09/Nov/2023:15:31:28 +0100] "GET /startingWay/RechercheUserNameServlet HTTP/1.1" 200 383
0:0:0:0:0:0:0:1 - - [09/Nov/2023:15:31:33 +0100] "POST /startingWay/RechercheUserNameServlet HTTP/1.1" 200 331
0:0:0:0:0:0:0:1 - - [09/Nov/2023:15:31:35 +0100] "GET /startingWay/RechercheUserNameServlet HTTP/1.1" 200 383
127.0.0.1 - - [09/Nov/2023:15:33:53 +0100] "GET / HTTP/1.1" 404 681
0:0:0:0:0:0:0:1 - - [09/Nov/2023:15:33:54 +0100] "GET /startingWay/RechercheUserNameServlet HTTP/1.1" 200 452
0:0:0:0:0:0:0:1 - - [09/Nov/2023:15:33:59 +0100] "POST /startingWay/RechercheUserNameServlet HTTP/1.1" 200 326
0:0:0:0:0:0:0:1 - - [09/Nov/2023:15:34:02 +0100] "GET /startingWay/RechercheUserNameServlet HTTP/1.1" 200 452
127.0.0.1 - - [09/Nov/2023:15:35:16 +0100] "GET / HTTP/1.1" 404 681
0:0:0:0:0:0:0:1 - - [09/Nov/2023:15:35:17 +0100] "GET /startingWay/RechercheUserNameServlet HTTP/1.1" 200 387
0:0:0:0:0:0:0:1 - - [09/Nov/2023:15:35:23 +0100] "POST /startingWay/RechercheUserNameServlet HTTP/1.1" 200 395
0:0:0:0:0:0:0:1 - - [09/Nov/2023:15:35:25 +0100] "GET /startingWay/CreateAccountUserServlet HTTP/1.1" 200 622
0:0:0:0:0:0:0:1 - - [09/Nov/2023:15:35:48 +0100] "POST /startingWay/CreateAccountUserServlet HTTP/1.1" 200 294
127.0.0.1 - - [09/Nov/2023:15:39:18 +0100] "GET / HTTP/1.1" 404 681
0:0:0:0:0:0:0:1 - - [09/Nov/2023:15:39:19 +0100] "GET /startingWay/StartingWayServlet HTTP/1.1" 200 570
0:0:0:0:0:0:0:1 - - [09/Nov/2023:15:39:23 +0100] "GET /startingWay/RechercheUserNameServlet HTTP/1.1" 200 387
0:0:0:0:0:0:0:1 - - [09/Nov/2023:15:39:27 +0100] "POST /startingWay/RechercheUserNameServlet HTTP/1.1" 200 405
0:0:0:0:0:0:0:1 - - [09/Nov/2023:15:39:31 +0100] "GET /startingWay/StartingWayServlet HTTP/1.1" 200 570
127.0.0.1 - - [09/Nov/2023:15:40:11 +0100] "GET / HTTP/1.1" 404 681
0:0:0:0:0:0:0:1 - - [09/Nov/2023:15:40:12 +0100] "GET /startingWay/StartingWayServlet HTTP/1.1" 200 570
0:0:0:0:0:0:0:1 - - [09/Nov/2023:15:40:19 +0100] "GET /startingWay/RechercheUserNameServlet HTTP/1.1" 200 387
0:0:0:0:0:0:0:1 - - [09/Nov/2023:15:40:24 +0100] "POST /startingWay/RechercheUserNameServlet HTTP/1.1" 200 405
0:0:0:0:0:0:0:1 - - [09/Nov/2023:15:40:27 +0100] "GET /startingWay/StartingWayServlet HTTP/1.1" 200 570
0:0:0:0:0:0:0:1 - - [09/Nov/2023:15:40:30 +0100] "GET /startingWay/RechercheUserNameServlet HTTP/1.1" 200 387
0:0:0:0:0:0:0:1 - - [09/Nov/2023:15:40:34 +0100] "POST /startingWay/RechercheUserNameServlet HTTP/1.1" 200 405
0:0:0:0:0:0:0:1 - - [09/Nov/2023:15:40:39 +0100] "GET /startingWay/StartingWayServlet HTTP/1.1" 200 570
0:0:0:0:0:0:0:1 - - [09/Nov/2023:15:40:45 +0100] "GET /startingWay/RechercheUserNameServlet HTTP/1.1" 200 387
0:0:0:0:0:0:0:1 - - [09/Nov/2023:15:40:50 +0100] "POST /startingWay/RechercheUserNameServlet HTTP/1.1" 200 405
0:0:0:0:0:0:0:1 - - [09/Nov/2023:15:40:52 +0100] "GET /startingWay/StartingWayServlet HTTP/1.1" 200 570
0:0:0:0:0:0:0:1 - - [09/Nov/2023:15:41:06 +0100] "GET /startingWay/RechercheUserNameServlet HTTP/1.1" 200 387
0:0:0:0:0:0:0:1 - - [09/Nov/2023:15:41:10 +0100] "POST /startingWay/RechercheUserNameServlet HTTP/1.1" 200 405
127.0.0.1 - - [09/Nov/2023:15:42:57 +0100] "GET / HTTP/1.1" 404 681
0:0:0:0:0:0:0:1 - - [09/Nov/2023:15:42:58 +0100] "GET /startingWay/StartingWayServlet HTTP/1.1" 200 570
0:0:0:0:0:0:0:1 - - [09/Nov/2023:15:43:01 +0100] "GET /startingWay/RechercheUserNameServlet HTTP/1.1" 200 387
0:0:0:0:0:0:0:1 - - [09/Nov/2023:15:43:07 +0100] "POST /startingWay/RechercheUserNameServlet HTTP/1.1" 200 487
127.0.0.1 - - [09/Nov/2023:15:43:44 +0100] "GET / HTTP/1.1" 404 681
0:0:0:0:0:0:0:1 - - [09/Nov/2023:15:43:45 +0100] "GET /startingWay/StartingWayServlet HTTP/1.1" 200 570
0:0:0:0:0:0:0:1 - - [09/Nov/2023:15:43:47 +0100] "GET /startingWay/RechercheUserNameServlet HTTP/1.1" 200 387
0:0:0:0:0:0:0:1 - - [09/Nov/2023:15:43:52 +0100] "POST /startingWay/RechercheUserNameServlet HTTP/1.1" 200 493
0:0:0:0:0:0:0:1 - - [09/Nov/2023:15:43:54 +0100] "GET /startingWay/StartingWayServlet HTTP/1.1" 200 570
0:0:0:0:0:0:0:1 - - [09/Nov/2023:15:43:56 +0100] "GET /startingWay/RechercheUserNameServlet HTTP/1.1" 200 387
0:0:0:0:0:0:0:1 - - [09/Nov/2023:15:44:00 +0100] "POST /startingWay/RechercheUserNameServlet HTTP/1.1" 200 493
0:0:0:0:0:0:0:1 - - [09/Nov/2023:15:44:02 +0100] "GET /startingWay/CreateAccountUserServlet HTTP/1.1" 200 622
0:0:0:0:0:0:0:1 - - [09/Nov/2023:15:44:23 +0100] "POST /startingWay/CreateAccountUserServlet HTTP/1.1" 200 358
127.0.0.1 - - [09/Nov/2023:15:47:05 +0100] "GET / HTTP/1.1" 404 681
0:0:0:0:0:0:0:1 - - [09/Nov/2023:15:47:07 +0100] "GET /startingWay/StartingWayServlet HTTP/1.1" 200 570
0:0:0:0:0:0:0:1 - - [09/Nov/2023:15:47:09 +0100] "GET /startingWay/RechercheUserNameServlet HTTP/1.1" 200 387
0:0:0:0:0:0:0:1 - - [09/Nov/2023:15:47:13 +0100] "POST /startingWay/RechercheUserNameServlet HTTP/1.1" 200 493
0:0:0:0:0:0:0:1 - - [09/Nov/2023:15:47:15 +0100] "GET /startingWay/StartingWayServlet HTTP/1.1" 200 570
0:0:0:0:0:0:0:1 - - [09/Nov/2023:15:47:18 +0100] "GET /startingWay/RechercheUserNameServlet HTTP/1.1" 200 387
0:0:0:0:0:0:0:1 - - [09/Nov/2023:15:47:21 +0100] "POST /startingWay/RechercheUserNameServlet HTTP/1.1" 200 493
0:0:0:0:0:0:0:1 - - [09/Nov/2023:15:47:23 +0100] "GET /startingWay/CreateAccountUserServlet HTTP/1.1" 200 622
0:0:0:0:0:0:0:1 - - [09/Nov/2023:15:47:43 +0100] "POST /startingWay/CreateAccountUserServlet HTTP/1.1" 200 358
127.0.0.1 - - [09/Nov/2023:15:55:23 +0100] "GET / HTTP/1.1" 404 681
0:0:0:0:0:0:0:1 - - [09/Nov/2023:15:55:23 +0100] "GET /startingWay/CreateAccountUserServlet HTTP/1.1" 200 622
0:0:0:0:0:0:0:1 - - [09/Nov/2023:15:55:49 +0100] "POST /startingWay/CreateAccountUserServlet HTTP/1.1" 200 358
127.0.0.1 - - [09/Nov/2023:15:56:40 +0100] "GET / HTTP/1.1" 404 681
0:0:0:0:0:0:0:1 - - [09/Nov/2023:15:56:41 +0100] "GET /startingWay/StartingWayServlet HTTP/1.1" 200 662
0:0:0:0:0:0:0:1 - - [09/Nov/2023:15:56:43 +0100] "GET /startingWay/RechercheUserNameServlet HTTP/1.1" 200 387
0:0:0:0:0:0:0:1 - - [09/Nov/2023:15:56:50 +0100] "POST /startingWay/RechercheUserNameServlet HTTP/1.1" 200 498
0:0:0:0:0:0:0:1 - - [09/Nov/2023:15:56:53 +0100] "GET /startingWay/StartingWayServlet HTTP/1.1" 200 662
0:0:0:0:0:0:0:1 - - [09/Nov/2023:15:56:55 +0100] "GET /startingWay/RechercheUserNameServlet HTTP/1.1" 200 387
0:0:0:0:0:0:0:1 - - [09/Nov/2023:15:57:05 +0100] "POST /startingWay/RechercheUserNameServlet HTTP/1.1" 200 498
0:0:0:0:0:0:0:1 - - [09/Nov/2023:15:57:07 +0100] "GET /startingWay/CreateAccountUserServlet HTTP/1.1" 200 622
0:0:0:0:0:0:0:1 - - [09/Nov/2023:15:57:42 +0100] "POST /startingWay/CreateAccountUserServlet HTTP/1.1" 200 361
127.0.0.1 - - [09/Nov/2023:16:01:28 +0100] "GET / HTTP/1.1" 404 681
0:0:0:0:0:0:0:1 - - [09/Nov/2023:16:01:29 +0100] "GET /startingWay/StartingWayServlet HTTP/1.1" 200 756
0:0:0:0:0:0:0:1 - - [09/Nov/2023:16:01:33 +0100] "GET /startingWay/RechercheUserNameServlet HTTP/1.1" 200 387
0:0:0:0:0:0:0:1 - - [09/Nov/2023:16:01:39 +0100] "POST /startingWay/RechercheUserNameServlet HTTP/1.1" 200 493
0:0:0:0:0:0:0:1 - - [09/Nov/2023:16:01:42 +0100] "GET /startingWay/StartingWayServlet HTTP/1.1" 200 756
127.0.0.1 - - [09/Nov/2023:16:18:42 +0100] "GET / HTTP/1.1" 404 681
0:0:0:0:0:0:0:1 - - [09/Nov/2023:16:18:44 +0100] "GET /startingWay/StartingWayServlet HTTP/1.1" 200 1459
0:0:0:0:0:0:0:1 - - [09/Nov/2023:16:18:48 +0100] "POST /startingWay/DeleteUserServlet HTTP/1.1" 200 -
0:0:0:0:0:0:0:1 - - [09/Nov/2023:16:19:15 +0100] "POST /startingWay/DeleteUserServlet HTTP/1.1" 200 -
127.0.0.1 - - [09/Nov/2023:16:23:07 +0100] "GET / HTTP/1.1" 404 681
0:0:0:0:0:0:0:1 - - [09/Nov/2023:16:23:08 +0100] "GET /startingWay/StartingWayServlet HTTP/1.1" 200 923
0:0:0:0:0:0:0:1 - - [09/Nov/2023:16:23:14 +0100] "POST /startingWay/DeleteUserServlet HTTP/1.1" 200 237
0:0:0:0:0:0:0:1 - - [09/Nov/2023:16:23:17 +0100] "GET /startingWay/StartingWayServlet HTTP/1.1" 200 650
0:0:0:0:0:0:0:1 - - [09/Nov/2023:16:23:29 +0100] "GET /startingWay/RechercheUserNameServlet HTTP/1.1" 200 387
0:0:0:0:0:0:0:1 - - [09/Nov/2023:16:23:33 +0100] "POST /startingWay/RechercheUserNameServlet HTTP/1.1" 200 493
0:0:0:0:0:0:0:1 - - [09/Nov/2023:16:23:35 +0100] "GET /startingWay/CreateAccountUserServlet HTTP/1.1" 200 622
0:0:0:0:0:0:0:1 - - [09/Nov/2023:16:24:03 +0100] "POST /startingWay/CreateAccountUserServlet HTTP/1.1" 200 440
0:0:0:0:0:0:0:1 - - [09/Nov/2023:16:24:08 +0100] "GET /startingWay/StartingWayServlet HTTP/1.1" 200 918
127.0.0.1 - - [09/Nov/2023:17:05:34 +0100] "GET / HTTP/1.1" 404 681
0:0:0:0:0:0:0:1 - - [09/Nov/2023:17:05:35 +0100] "GET /startingWay/UpdateUserServlet HTTP/1.1" 200 446
0:0:0:0:0:0:0:1 - - [09/Nov/2023:17:05:53 +0100] "POST /startingWay/UpdateUserServlet HTTP/1.1" 200 159
127.0.0.1 - - [09/Nov/2023:17:11:59 +0100] "GET / HTTP/1.1" 404 681
0:0:0:0:0:0:0:1 - - [09/Nov/2023:17:11:59 +0100] "GET /startingWay/UpdateUserServlet HTTP/1.1" 200 446
0:0:0:0:0:0:0:1 - - [09/Nov/2023:17:12:16 +0100] "POST /startingWay/UpdateUserServlet HTTP/1.1" 200 139
127.0.0.1 - - [09/Nov/2023:17:13:23 +0100] "GET / HTTP/1.1" 404 681
0:0:0:0:0:0:0:1 - - [09/Nov/2023:17:13:24 +0100] "GET /startingWay/UpdateUserServlet HTTP/1.1" 200 -
0:0:0:0:0:0:0:1 - - [09/Nov/2023:17:17:21 +0100] "GET /startingWay/UpdateUserServlet HTTP/1.1" 200 446
0:0:0:0:0:0:0:1 - - [09/Nov/2023:17:17:30 +0100] "POST /startingWay/UpdateUserServlet HTTP/1.1" 200 139
127.0.0.1 - - [09/Nov/2023:17:18:31 +0100] "GET / HTTP/1.1" 404 681
0:0:0:0:0:0:0:1 - - [09/Nov/2023:17:18:32 +0100] "GET /startingWay/UpdateUserServlet HTTP/1.1" 200 446
0:0:0:0:0:0:0:1 - - [09/Nov/2023:17:18:49 +0100] "POST /startingWay/UpdateUserServlet HTTP/1.1" 200 139
0:0:0:0:0:0:0:1 - - [09/Nov/2023:17:18:52 +0100] "GET /startingWay/UpdateUserServlet HTTP/1.1" 200 446
127.0.0.1 - - [09/Nov/2023:17:19:10 +0100] "GET / HTTP/1.1" 404 681
0:0:0:0:0:0:0:1 - - [09/Nov/2023:17:19:13 +0100] "GET /startingWay/StartingWayServlet HTTP/1.1" 200 1274
0:0:0:0:0:0:0:1 - - [09/Nov/2023:17:19:15 +0100] "POST /startingWay/UpdateUserServlet HTTP/1.1" 500 1559
0:0:0:0:0:0:0:1 - - [09/Nov/2023:17:20:05 +0100] "POST /startingWay/UpdateUserServlet HTTP/1.1" 500 22
127.0.0.1 - - [09/Nov/2023:17:20:35 +0100] "GET / HTTP/1.1" 404 681
0:0:0:0:0:0:0:1 - - [09/Nov/2023:17:20:36 +0100] "GET /startingWay/StartingWayServlet HTTP/1.1" 200 1274
0:0:0:0:0:0:0:1 - - [09/Nov/2023:17:21:04 +0100] "POST /startingWay/UpdateUserServlet HTTP/1.1" 500 22
0:0:0:0:0:0:0:1 - - [09/Nov/2023:17:21:16 +0100] "POST /startingWay/UpdateUserServlet HTTP/1.1" 500 22
0:0:0:0:0:0:0:1 - - [09/Nov/2023:17:22:40 +0100] "POST /startingWay/UpdateUserServlet HTTP/1.1" 500 22
0:0:0:0:0:0:0:1 - - [09/Nov/2023:17:22:46 +0100] "POST /startingWay/UpdateUserServlet HTTP/1.1" 500 22
0:0:0:0:0:0:0:1 - - [09/Nov/2023:17:22:56 +0100] "POST /startingWay/UpdateUserServlet HTTP/1.1" 500 22
127.0.0.1 - - [09/Nov/2023:17:26:02 +0100] "GET / HTTP/1.1" 404 681
0:0:0:0:0:0:0:1 - - [09/Nov/2023:17:26:04 +0100] "GET /startingWay/StartingWayServlet HTTP/1.1" 200 1038
0:0:0:0:0:0:0:1 - - [09/Nov/2023:17:26:06 +0100] "POST /startingWay/DeleteUserServlet HTTP/1.1" 200 237
0:0:0:0:0:0:0:1 - - [09/Nov/2023:17:26:13 +0100] "POST /startingWay/DeleteUserServlet HTTP/1.1" 200 237
0:0:0:0:0:0:0:1 - - [09/Nov/2023:17:26:17 +0100] "POST /startingWay/DeleteUserServlet HTTP/1.1" 200 237
0:0:0:0:0:0:0:1 - - [09/Nov/2023:17:26:22 +0100] "POST /startingWay/DeleteUserServlet HTTP/1.1" 200 237
127.0.0.1 - - [09/Nov/2023:17:29:05 +0100] "GET / HTTP/1.1" 404 681
0:0:0:0:0:0:0:1 - - [09/Nov/2023:17:29:06 +0100] "GET /startingWay/StartingWayServlet HTTP/1.1" 200 390
0:0:0:0:0:0:0:1 - - [09/Nov/2023:17:29:16 +0100] "GET /startingWay/RechercheUserNameServlet?id= HTTP/1.1" 200 387
0:0:0:0:0:0:0:1 - - [09/Nov/2023:17:29:20 +0100] "POST /startingWay/RechercheUserNameServlet HTTP/1.1" 200 433
0:0:0:0:0:0:0:1 - - [09/Nov/2023:17:29:22 +0100] "GET /startingWay/CreateAccountUserServlet HTTP/1.1" 200 622
0:0:0:0:0:0:0:1 - - [09/Nov/2023:17:29:52 +0100] "POST /startingWay/CreateAccountUserServlet HTTP/1.1" 200 435
0:0:0:0:0:0:0:1 - - [09/Nov/2023:17:29:59 +0100] "GET /startingWay/StartingWayServlet HTTP/1.1" 200 834
0:0:0:0:0:0:0:1 - - [09/Nov/2023:17:30:01 +0100] "GET /startingWay/RechercheUserNameServlet?id= HTTP/1.1" 200 387
0:0:0:0:0:0:0:1 - - [09/Nov/2023:17:30:05 +0100] "POST /startingWay/RechercheUserNameServlet HTTP/1.1" 200 433
0:0:0:0:0:0:0:1 - - [09/Nov/2023:17:30:07 +0100] "GET /startingWay/CreateAccountUserServlet HTTP/1.1" 200 622
0:0:0:0:0:0:0:1 - - [09/Nov/2023:17:30:36 +0100] "POST /startingWay/CreateAccountUserServlet HTTP/1.1" 200 441
0:0:0:0:0:0:0:1 - - [09/Nov/2023:17:30:39 +0100] "GET /startingWay/StartingWayServlet HTTP/1.1" 200 1278
0:0:0:0:0:0:0:1 - - [09/Nov/2023:17:30:44 +0100] "POST /startingWay/UpdateUserServlet HTTP/1.1" 500 22
127.0.0.1 - - [09/Nov/2023:19:43:22 +0100] "GET / HTTP/1.1" 404 681
0:0:0:0:0:0:0:1 - - [09/Nov/2023:19:43:23 +0100] "GET /startingWay/StartingWayServlet HTTP/1.1" 200 1278
0:0:0:0:0:0:0:1 - - [09/Nov/2023:19:43:23 +0100] "GET /favicon.ico HTTP/1.1" 404 692
0:0:0:0:0:0:0:1 - - [09/Nov/2023:19:43:30 +0100] "GET /startingWay/RechercheUserNameServlet?id= HTTP/1.1" 200 387
0:0:0:0:0:0:0:1 - - [09/Nov/2023:19:43:34 +0100] "POST /startingWay/RechercheUserNameServlet HTTP/1.1" 200 493
0:0:0:0:0:0:0:1 - - [09/Nov/2023:19:43:39 +0100] "GET /startingWay/CreateAccountUserServlet HTTP/1.1" 200 622
0:0:0:0:0:0:0:1 - - [09/Nov/2023:19:43:55 +0100] "POST /startingWay/CreateAccountUserServlet HTTP/1.1" 200 437
0:0:0:0:0:0:0:1 - - [09/Nov/2023:19:44:12 +0100] "GET /startingWay/StartingWayServlet HTTP/1.1" 200 1721
0:0:0:0:0:0:0:1 - - [09/Nov/2023:19:44:18 +0100] "POST /startingWay/DeleteUserServlet HTTP/1.1" 200 237
0:0:0:0:0:0:0:1 - - [09/Nov/2023:19:44:20 +0100] "GET /startingWay/StartingWayServlet HTTP/1.1" 200 1278
0:0:0:0:0:0:0:1 - - [09/Nov/2023:19:44:22 +0100] "POST /startingWay/UpdateUserServlet HTTP/1.1" 500 22
127.0.0.1 - - [09/Nov/2023:19:51:30 +0100] "GET / HTTP/1.1" 404 681
0:0:0:0:0:0:0:1 - - [09/Nov/2023:19:51:32 +0100] "GET /startingWay/UpdateUserServlet HTTP/1.1" 200 438
0:0:0:0:0:0:0:1 - - [09/Nov/2023:19:51:52 +0100] "POST /startingWay/UpdateUserServlet HTTP/1.1" 200 139
127.0.0.1 - - [09/Nov/2023:19:53:37 +0100] "GET / HTTP/1.1" 404 681
0:0:0:0:0:0:0:1 - - [09/Nov/2023:19:53:39 +0100] "GET /startingWay/StartingWayServlet HTTP/1.1" 200 1009
127.0.0.1 - - [09/Nov/2023:19:54:47 +0100] "GET / HTTP/1.1" 404 681
0:0:0:0:0:0:0:1 - - [09/Nov/2023:19:54:48 +0100] "GET /startingWay/StartingWayServlet HTTP/1.1" 200 1114
0:0:0:0:0:0:0:1 - - [09/Nov/2023:19:54:53 +0100] "GET /startingWay/UpdateUserServlet?id=?id=6 HTTP/1.1" 200 438
0:0:0:0:0:0:0:1 - - [09/Nov/2023:19:55:08 +0100] "POST /startingWay/UpdateUserServlet HTTP/1.1" 200 139
127.0.0.1 - - [09/Nov/2023:19:57:48 +0100] "GET / HTTP/1.1" 404 681
0:0:0:0:0:0:0:1 - - [09/Nov/2023:19:57:50 +0100] "GET /startingWay/StartingWayServlet HTTP/1.1" 200 1144
0:0:0:0:0:0:0:1 - - [09/Nov/2023:19:58:04 +0100] "GET /startingWay/UpdateUserServlet?id=?id=7 HTTP/1.1" 200 438
0:0:0:0:0:0:0:1 - - [09/Nov/2023:19:58:09 +0100] "POST /startingWay/UpdateUserServlet HTTP/1.1" 200 139
127.0.0.1 - - [09/Nov/2023:20:03:50 +0100] "GET / HTTP/1.1" 404 681
0:0:0:0:0:0:0:1 - - [09/Nov/2023:20:03:51 +0100] "GET /startingWay/StartingWayServlet HTTP/1.1" 200 1288
0:0:0:0:0:0:0:1 - - [09/Nov/2023:20:03:54 +0100] "POST /startingWay/UpdateUserServlet HTTP/1.1" 500 22
127.0.0.1 - - [09/Nov/2023:20:05:05 +0100] "GET / HTTP/1.1" 404 681
0:0:0:0:0:0:0:1 - - [09/Nov/2023:20:05:06 +0100] "GET /startingWay/UpdateUserServlet HTTP/1.1" 200 438
0:0:0:0:0:0:0:1 - - [09/Nov/2023:20:05:10 +0100] "POST /startingWay/UpdateUserServlet HTTP/1.1" 200 139
127.0.0.1 - - [09/Nov/2023:20:06:51 +0100] "GET / HTTP/1.1" 404 681
0:0:0:0:0:0:0:1 - - [09/Nov/2023:20:06:52 +0100] "GET /startingWay/StartingWayServlet HTTP/1.1" 200 1288
0:0:0:0:0:0:0:1 - - [09/Nov/2023:20:06:54 +0100] "POST /startingWay/UpdateUserServlet HTTP/1.1" 500 27
127.0.0.1 - - [09/Nov/2023:20:07:54 +0100] "GET / HTTP/1.1" 404 681
0:0:0:0:0:0:0:1 - - [09/Nov/2023:20:07:54 +0100] "GET /startingWay/UpdateUserServlet HTTP/1.1" 200 438
0:0:0:0:0:0:0:1 - - [09/Nov/2023:20:08:03 +0100] "POST /startingWay/UpdateUserServlet HTTP/1.1" 200 171
127.0.0.1 - - [09/Nov/2023:20:12:45 +0100] "GET / HTTP/1.1" 404 681
0:0:0:0:0:0:0:1 - - [09/Nov/2023:20:12:46 +0100] "GET /startingWay/UpdateUserServlet HTTP/1.1" 200 438
0:0:0:0:0:0:0:1 - - [09/Nov/2023:20:12:54 +0100] "POST /startingWay/UpdateUserServlet HTTP/1.1" 200 171
127.0.0.1 - - [09/Nov/2023:20:14:00 +0100] "GET / HTTP/1.1" 404 681
0:0:0:0:0:0:0:1 - - [09/Nov/2023:20:14:00 +0100] "GET /startingWay/UpdateUserServlet HTTP/1.1" 200 438
0:0:0:0:0:0:0:1 - - [09/Nov/2023:20:14:03 +0100] "POST /startingWay/UpdateUserServlet HTTP/1.1" 200 171
0:0:0:0:0:0:0:1 - - [09/Nov/2023:20:14:07 +0100] "GET /startingWay/UpdateUserServlet HTTP/1.1" 200 438
0:0:0:0:0:0:0:1 - - [09/Nov/2023:20:14:14 +0100] "POST /startingWay/UpdateUserServlet HTTP/1.1" 200 171
0:0:0:0:0:0:0:1 - - [09/Nov/2023:20:14:17 +0100] "GET /startingWay/UpdateUserServlet HTTP/1.1" 200 438
127.0.0.1 - - [09/Nov/2023:20:21:29 +0100] "GET / HTTP/1.1" 404 681
0:0:0:0:0:0:0:1 - - [09/Nov/2023:20:21:30 +0100] "GET /startingWay/UpdateUserServlet HTTP/1.1" 200 434
127.0.0.1 - - [09/Nov/2023:20:22:04 +0100] "GET / HTTP/1.1" 404 681
0:0:0:0:0:0:0:1 - - [09/Nov/2023:20:22:06 +0100] "GET /startingWay/StartingWayServlet HTTP/1.1" 200 938
127.0.0.1 - - [09/Nov/2023:20:59:02 +0100] "GET / HTTP/1.1" 404 681
0:0:0:0:0:0:0:1 - - [09/Nov/2023:20:59:04 +0100] "GET /startingWay/LoginUserServlet HTTP/1.1" 200 375
127.0.0.1 - - [09/Nov/2023:20:59:35 +0100] "GET / HTTP/1.1" 404 681
0:0:0:0:0:0:0:1 - - [09/Nov/2023:20:59:36 +0100] "GET /startingWay/LoginUserServlet HTTP/1.1" 200 375
127.0.0.1 - - [09/Nov/2023:21:00:20 +0100] "GET / HTTP/1.1" 404 681
0:0:0:0:0:0:0:1 - - [09/Nov/2023:21:00:21 +0100] "GET /startingWay/LoginUserServlet HTTP/1.1" 200 374
0:0:0:0:0:0:0:1 - - [09/Nov/2023:21:00:32 +0100] "POST /startingWay/LoginUserServlet HTTP/1.1" 302 -
0:0:0:0:0:0:0:1 - - [09/Nov/2023:21:00:32 +0100] "GET /WEB-INF/failure.jsp HTTP/1.1" 404 604
0:0:0:0:0:0:0:1 - - [09/Nov/2023:21:00:51 +0100] "POST /startingWay/LoginUserServlet HTTP/1.1" 302 -
0:0:0:0:0:0:0:1 - - [09/Nov/2023:21:00:51 +0100] "GET /WEB-INF/failure.jsp HTTP/1.1" 404 604
127.0.0.1 - - [09/Nov/2023:21:01:27 +0100] "GET / HTTP/1.1" 404 681
0:0:0:0:0:0:0:1 - - [09/Nov/2023:21:01:27 +0100] "GET /startingWay/LoginUserServlet HTTP/1.1" 200 374
0:0:0:0:0:0:0:1 - - [09/Nov/2023:21:01:38 +0100] "POST /startingWay/LoginUserServlet HTTP/1.1" 302 -
0:0:0:0:0:0:0:1 - - [09/Nov/2023:21:01:38 +0100] "GET /WEB-INF/failure.jsp HTTP/1.1" 404 604
0:0:0:0:0:0:0:1 - - [09/Nov/2023:21:01:56 +0100] "POST /startingWay/LoginUserServlet HTTP/1.1" 302 -
0:0:0:0:0:0:0:1 - - [09/Nov/2023:21:01:56 +0100] "GET /WEB-INF/failure.jsp HTTP/1.1" 404 604
127.0.0.1 - - [09/Nov/2023:21:02:13 +0100] "GET / HTTP/1.1" 404 681
0:0:0:0:0:0:0:1 - - [09/Nov/2023:21:02:13 +0100] "GET /startingWay/LoginUserServlet HTTP/1.1" 200 374
0:0:0:0:0:0:0:1 - - [09/Nov/2023:21:02:17 +0100] "POST /startingWay/LoginUserServlet HTTP/1.1" 302 -
0:0:0:0:0:0:0:1 - - [09/Nov/2023:21:02:17 +0100] "GET /WEB-INF/failure.jsp HTTP/1.1" 404 604
127.0.0.1 - - [09/Nov/2023:21:06:26 +0100] "GET / HTTP/1.1" 404 681
0:0:0:0:0:0:0:1 - - [09/Nov/2023:21:06:27 +0100] "GET /startingWay/LoginUserServlet HTTP/1.1" 200 374
0:0:0:0:0:0:0:1 - - [09/Nov/2023:21:06:30 +0100] "POST /startingWay/LoginUserServlet HTTP/1.1" 302 -
0:0:0:0:0:0:0:1 - - [09/Nov/2023:21:06:30 +0100] "GET /WEB-INF/failure.jsp HTTP/1.1" 404 604
127.0.0.1 - - [09/Nov/2023:21:10:25 +0100] "GET / HTTP/1.1" 404 681
0:0:0:0:0:0:0:1 - - [09/Nov/2023:21:10:26 +0100] "GET /startingWay/LoginUserServlet HTTP/1.1" 200 374
0:0:0:0:0:0:0:1 - - [09/Nov/2023:21:10:29 +0100] "POST /startingWay/LoginUserServlet HTTP/1.1" 500 1347
127.0.0.1 - - [09/Nov/2023:21:14:48 +0100] "GET / HTTP/1.1" 404 681
0:0:0:0:0:0:0:1 - - [09/Nov/2023:21:14:48 +0100] "GET /startingWay/LoginUserServlet HTTP/1.1" 200 374
0:0:0:0:0:0:0:1 - - [09/Nov/2023:21:14:51 +0100] "POST /startingWay/LoginUserServlet HTTP/1.1" 200 208
0:0:0:0:0:0:0:1 - - [09/Nov/2023:21:14:59 +0100] "GET /startingWay/LoginUserServlet HTTP/1.1" 200 374
127.0.0.1 - - [09/Nov/2023:21:17:50 +0100] "GET / HTTP/1.1" 404 681
0:0:0:0:0:0:0:1 - - [09/Nov/2023:21:17:50 +0100] "GET /startingWay/LoginUserServlet HTTP/1.1" 200 374
0:0:0:0:0:0:0:1 - - [09/Nov/2023:21:18:03 +0100] "POST /startingWay/LoginUserServlet HTTP/1.1" 200 207
127.0.0.1 - - [09/Nov/2023:21:19:10 +0100] "GET / HTTP/1.1" 404 681
0:0:0:0:0:0:0:1 - - [09/Nov/2023:21:19:11 +0100] "GET /startingWay/LoginUserServlet HTTP/1.1" 200 374
0:0:0:0:0:0:0:1 - - [09/Nov/2023:21:19:27 +0100] "POST /startingWay/LoginUserServlet HTTP/1.1" 200 207
127.0.0.1 - - [09/Nov/2023:21:23:00 +0100] "GET / HTTP/1.1" 404 681
0:0:0:0:0:0:0:1 - - [09/Nov/2023:21:23:02 +0100] "GET /startingWay/StartingWayServlet HTTP/1.1" 200 938
0:0:0:0:0:0:0:1 - - [09/Nov/2023:21:23:06 +0100] "GET /startingWay/RechercheUserNameServlet?id= HTTP/1.1" 200 387
0:0:0:0:0:0:0:1 - - [09/Nov/2023:21:23:11 +0100] "POST /startingWay/RechercheUserNameServlet HTTP/1.1" 200 493
0:0:0:0:0:0:0:1 - - [09/Nov/2023:21:23:15 +0100] "GET /startingWay/StartingWayServlet HTTP/1.1" 200 938
0:0:0:0:0:0:0:1 - - [09/Nov/2023:21:23:21 +0100] "GET /startingWay/RechercheUserNameServlet?id= HTTP/1.1" 200 387
0:0:0:0:0:0:0:1 - - [09/Nov/2023:21:23:26 +0100] "POST /startingWay/RechercheUserNameServlet HTTP/1.1" 200 493
0:0:0:0:0:0:0:1 - - [09/Nov/2023:21:23:29 +0100] "GET /startingWay/CreateAccountUserServlet HTTP/1.1" 200 622
0:0:0:0:0:0:0:1 - - [09/Nov/2023:21:23:55 +0100] "POST /startingWay/CreateAccountUserServlet HTTP/1.1" 200 494
0:0:0:0:0:0:0:1 - - [09/Nov/2023:21:24:00 +0100] "GET /startingWay/StartingWayServlet HTTP/1.1" 200 1211
0:0:0:0:0:0:0:1 - - [09/Nov/2023:21:24:02 +0100] "POST /startingWay/DeleteUserServlet HTTP/1.1" 200 237
0:0:0:0:0:0:0:1 - - [09/Nov/2023:21:24:04 +0100] "GET /startingWay/StartingWayServlet HTTP/1.1" 200 938
0:0:0:0:0:0:0:1 - - [09/Nov/2023:21:24:11 +0100] "GET /startingWay/RechercheUserNameServlet?id= HTTP/1.1" 200 387
0:0:0:0:0:0:0:1 - - [09/Nov/2023:21:24:15 +0100] "POST /startingWay/RechercheUserNameServlet HTTP/1.1" 200 493
0:0:0:0:0:0:0:1 - - [09/Nov/2023:21:24:17 +0100] "GET /startingWay/CreateAccountUserServlet HTTP/1.1" 200 622
0:0:0:0:0:0:0:1 - - [09/Nov/2023:21:24:30 +0100] "POST /startingWay/CreateAccountUserServlet HTTP/1.1" 200 494
0:0:0:0:0:0:0:1 - - [09/Nov/2023:21:24:38 +0100] "GET /startingWay/LoginUserServlet HTTP/1.1" 200 374
0:0:0:0:0:0:0:1 - - [09/Nov/2023:21:24:43 +0100] "POST /startingWay/LoginUserServlet HTTP/1.1" 200 206
127.0.0.1 - - [09/Nov/2023:21:45:02 +0100] "GET / HTTP/1.1" 404 681
0:0:0:0:0:0:0:1 - - [09/Nov/2023:21:45:04 +0100] "GET /startingWay/StartingWayServlet HTTP/1.1" 200 1213
0:0:0:0:0:0:0:1 - - [09/Nov/2023:21:45:07 +0100] "GET /startingWay/RechercheUserNameServlet?id= HTTP/1.1" 200 387
0:0:0:0:0:0:0:1 - - [09/Nov/2023:21:45:11 +0100] "POST /startingWay/RechercheUserNameServlet HTTP/1.1" 200 493
0:0:0:0:0:0:0:1 - - [09/Nov/2023:21:45:19 +0100] "GET /startingWay/StartingWayServlet HTTP/1.1" 200 1213
0:0:0:0:0:0:0:1 - - [09/Nov/2023:21:45:21 +0100] "GET /startingWay/RechercheUserNameServlet?id= HTTP/1.1" 200 387
0:0:0:0:0:0:0:1 - - [09/Nov/2023:21:45:23 +0100] "POST /startingWay/RechercheUserNameServlet HTTP/1.1" 200 433
0:0:0:0:0:0:0:1 - - [09/Nov/2023:21:45:26 +0100] "GET /startingWay/CreateAccountUserServlet HTTP/1.1" 200 622
0:0:0:0:0:0:0:1 - - [09/Nov/2023:21:45:44 +0100] "POST /startingWay/CreateAccountUserServlet HTTP/1.1" 200 501
0:0:0:0:0:0:0:1 - - [09/Nov/2023:21:45:48 +0100] "GET /startingWay/StartingWayServlet HTTP/1.1" 200 1495
127.0.0.1 - - [09/Nov/2023:21:50:00 +0100] "GET / HTTP/1.1" 404 681
0:0:0:0:0:0:0:1 - - [09/Nov/2023:21:50:01 +0100] "GET /startingWay/ListerProductsServlet HTTP/1.1" 200 618
0:0:0:0:0:0:0:1 - - [09/Nov/2023:21:50:04 +0100] "GET /startingWay/RechercheUserNameServlet HTTP/1.1" 200 387
0:0:0:0:0:0:0:1 - - [09/Nov/2023:21:50:09 +0100] "POST /startingWay/RechercheUserNameServlet HTTP/1.1" 200 493
0:0:0:0:0:0:0:1 - - [09/Nov/2023:21:50:12 +0100] "GET /startingWay/RechercheUserNameServlet HTTP/1.1" 200 387
0:0:0:0:0:0:0:1 - - [09/Nov/2023:21:50:18 +0100] "POST /startingWay/DeleteProductServlet HTTP/1.1" 200 -
0:0:0:0:0:0:0:1 - - [09/Nov/2023:21:58:14 +0100] "GET /startingWay/ListerProductsServlet HTTP/1.1" 200 856
127.0.0.1 - - [09/Nov/2023:21:58:38 +0100] "GET / HTTP/1.1" 404 681
0:0:0:0:0:0:0:1 - - [09/Nov/2023:21:58:40 +0100] "GET /startingWay/DeleteProductServlet HTTP/1.1" 200 22
127.0.0.1 - - [09/Nov/2023:21:59:02 +0100] "GET / HTTP/1.1" 404 681
0:0:0:0:0:0:0:1 - - [09/Nov/2023:21:59:02 +0100] "GET /startingWay/SearchProductServlet HTTP/1.1" 200 329
0:0:0:0:0:0:0:1 - - [09/Nov/2023:21:59:09 +0100] "POST /startingWay/SearchProductServlet HTTP/1.1" 200 269
0:0:0:0:0:0:0:1 - - [09/Nov/2023:21:59:12 +0100] "GET /startingWay/SearchProductServlet HTTP/1.1" 200 329
0:0:0:0:0:0:0:1 - - [09/Nov/2023:21:59:19 +0100] "POST /startingWay/SearchProductServlet HTTP/1.1" 200 269
0:0:0:0:0:0:0:1 - - [09/Nov/2023:21:59:22 +0100] "GET /startingWay/SearchProductServlet HTTP/1.1" 200 329
0:0:0:0:0:0:0:1 - - [09/Nov/2023:22:01:50 +0100] "POST /startingWay/SearchProductServlet HTTP/1.1" 200 269
0:0:0:0:0:0:0:1 - - [09/Nov/2023:22:01:52 +0100] "GET /startingWay/SearchProductServlet HTTP/1.1" 200 329
0:0:0:0:0:0:0:1 - - [09/Nov/2023:22:01:59 +0100] "POST /startingWay/SearchProductServlet HTTP/1.1" 200 269
